   1              		.cpu cortex-m0
   2              		.fpu softvfp
   3              		.eabi_attribute 20, 1
   4              		.eabi_attribute 21, 1
   5              		.eabi_attribute 23, 3
   6              		.eabi_attribute 24, 1
   7              		.eabi_attribute 25, 1
   8              		.eabi_attribute 26, 1
   9              		.eabi_attribute 30, 6
  10              		.eabi_attribute 34, 0
  11              		.eabi_attribute 18, 4
  12              		.code	16
  13              		.file	"main.c"
  14              		.text
  15              	.Ltext0:
  16              		.cfi_sections	.debug_frame
  17              		.section	.text.forwardFull,"ax",%progbits
  18              		.align	2
  19              		.global	forwardFull
  20              		.code	16
  21              		.thumb_func
  23              	forwardFull:
  24              	.LFB0:
  25              		.file 1 "../Sources/main.c"
   1:../Sources/main.c **** #include "derivative.h" /* include peripheral declarations */
   2:../Sources/main.c **** #include "TFC\TFC.h"
   3:../Sources/main.c **** #include "AlgoOne.h"
   4:../Sources/main.c **** 
   5:../Sources/main.c **** #define DEL 50
   6:../Sources/main.c **** 
   7:../Sources/main.c **** 
   8:../Sources/main.c **** 
   9:../Sources/main.c **** void forwardFull(){
  26              		.loc 1 9 0
  27              		.cfi_startproc
  28 0000 80B5     		push	{r7, lr}
  29              	.LCFI0:
  30              		.cfi_def_cfa_offset 8
  31              		.cfi_offset 7, -8
  32              		.cfi_offset 14, -4
  33 0002 00AF     		add	r7, sp, #0
  34              	.LCFI1:
  35              		.cfi_def_cfa_register 7
  10:../Sources/main.c **** 	TFC_HBRIDGE_ENABLE;
  36              		.loc 1 10 0
  37 0004 0F4B     		ldr	r3, .L2
  38 0006 8022     		mov	r2, #128
  39 0008 9203     		lsl	r2, r2, #14
  40 000a 5A60     		str	r2, [r3, #4]
  11:../Sources/main.c **** 	TFC_SetServo(0,-.1);
  41              		.loc 1 11 0
  42 000c 0E4B     		ldr	r3, .L2+4
  43 000e 0020     		mov	r0, #0
  44 0010 191C     		add	r1, r3, #0
  45 0012 FFF7FEFF 		bl	TFC_SetServo
  12:../Sources/main.c **** 	TFC_SetMotorPWM(1,1);
  46              		.loc 1 12 0
  47 0016 FE22     		mov	r2, #254
  48 0018 9205     		lsl	r2, r2, #22
  49 001a FE23     		mov	r3, #254
  50 001c 9B05     		lsl	r3, r3, #22
  51 001e 101C     		add	r0, r2, #0
  52 0020 191C     		add	r1, r3, #0
  53 0022 FFF7FEFF 		bl	TFC_SetMotorPWM
  13:../Sources/main.c **** 	delay(30);
  54              		.loc 1 13 0
  55 0026 1E20     		mov	r0, #30
  56 0028 FFF7FEFF 		bl	delay
  14:../Sources/main.c **** 	TFC_SetMotorPWM(0,0);
  57              		.loc 1 14 0
  58 002c 0022     		mov	r2, #0
  59 002e 0023     		mov	r3, #0
  60 0030 101C     		add	r0, r2, #0
  61 0032 191C     		add	r1, r3, #0
  62 0034 FFF7FEFF 		bl	TFC_SetMotorPWM
  15:../Sources/main.c **** 	TFC_HBRIDGE_DISABLE;
  63              		.loc 1 15 0
  64 0038 024B     		ldr	r3, .L2
  65 003a 8022     		mov	r2, #128
  66 003c 9203     		lsl	r2, r2, #14
  67 003e 9A60     		str	r2, [r3, #8]
  16:../Sources/main.c **** }
  68              		.loc 1 16 0
  69 0040 BD46     		mov	sp, r7
  70              		@ sp needed for prologue
  71 0042 80BD     		pop	{r7, pc}
  72              	.L3:
  73              		.align	2
  74              	.L2:
  75 0044 00F10F40 		.word	1074786560
  76 0048 CDCCCCBD 		.word	-1110651699
  77              		.cfi_endproc
  78              	.LFE0:
  80              		.section	.text.main,"ax",%progbits
  81              		.align	2
  82              		.global	main
  83              		.code	16
  84              		.thumb_func
  86              	main:
  87              	.LFB1:
  17:../Sources/main.c **** 
  18:../Sources/main.c **** int main(void){
  88              		.loc 1 18 0
  89              		.cfi_startproc
  90 0000 80B5     		push	{r7, lr}
  91              	.LCFI2:
  92              		.cfi_def_cfa_offset 8
  93              		.cfi_offset 7, -8
  94              		.cfi_offset 14, -4
  95 0002 00AF     		add	r7, sp, #0
  96              	.LCFI3:
  97              		.cfi_def_cfa_register 7
  19:../Sources/main.c **** 	
  20:../Sources/main.c **** 	
  21:../Sources/main.c **** 	
  22:../Sources/main.c **** 	//int x = 0;
  23:../Sources/main.c **** 	TFC_Init();
  98              		.loc 1 23 0
  99 0004 FFF7FEFF 		bl	TFC_Init
  24:../Sources/main.c **** 	TFC_Task();
 100              		.loc 1 24 0
 101 0008 FFF7FEFF 		bl	TFC_Task
  25:../Sources/main.c **** 	delay(5);
 102              		.loc 1 25 0
 103 000c 0520     		mov	r0, #5
 104 000e FFF7FEFF 		bl	delay
  26:../Sources/main.c **** 	TFC_BAT_LED0_ON;
 105              		.loc 1 26 0
 106 0012 034B     		ldr	r3, .L6
 107 0014 8022     		mov	r2, #128
 108 0016 5200     		lsl	r2, r2, #1
 109 0018 5A60     		str	r2, [r3, #4]
 110              	.L5:
  27:../Sources/main.c **** 	for(;;)
  28:../Sources/main.c **** 	run();
 111              		.loc 1 28 0
 112 001a FFF7FEFF 		bl	run
 113 001e FCE7     		b	.L5
 114              	.L7:
 115              		.align	2
 116              	.L6:
 117 0020 40F00F40 		.word	1074786368
 118              		.cfi_endproc
 119              	.LFE1:
 121              		.text
 122              	.Letext0:
 123              		.file 2 "C:/Users/Jared/Desktop/freescalecup/FRDM-TFC/Project_Headers/MKL25Z4.h"
 124              		.file 3 "C:/Freescale/CW MCU v10.6/MCU/ARM_GCC_Support/ewl/EWL_C/include/cstdint"
DEFINED SYMBOLS
                            *ABS*:00000000 main.c
C:\Users\Jared\AppData\Local\Temp\ccahGzb3.s:18     .text.forwardFull:00000000 $t
C:\Users\Jared\AppData\Local\Temp\ccahGzb3.s:23     .text.forwardFull:00000000 forwardFull
C:\Users\Jared\AppData\Local\Temp\ccahGzb3.s:75     .text.forwardFull:00000044 $d
C:\Users\Jared\AppData\Local\Temp\ccahGzb3.s:81     .text.main:00000000 $t
C:\Users\Jared\AppData\Local\Temp\ccahGzb3.s:86     .text.main:00000000 main
C:\Users\Jared\AppData\Local\Temp\ccahGzb3.s:117    .text.main:00000020 $d
                     .debug_frame:00000010 $d

UNDEFINED SYMBOLS
TFC_SetServo
TFC_SetMotorPWM
delay
TFC_Init
TFC_Task
run
